      0 transitions/seed | frozen mean V: 34.2907, 34.2907 | training 0.00 s
 10,000 transitions/seed | frozen mean V: 41.2569, 25.9540 | training 2.85 s
 20,000 transitions/seed | frozen mean V: 41.4727, 25.9329 | training 5.60 s
 30,000 transitions/seed | frozen mean V: 44.5621, 25.9234 | training 8.33 s
 40,000 transitions/seed | frozen mean V: 49.3204, 25.9245 | training 11.09 s
 50,000 transitions/seed | frozen mean V: 53.0982, 25.9229 | training 13.88 s
 60,000 transitions/seed | frozen mean V: 56.8963, 25.9222 | training 16.49 s
 70,000 transitions/seed | frozen mean V: 60.3655, 25.9215 | training 19.28 s
 80,000 transitions/seed | frozen mean V: 63.5399, 25.9216 | training 22.17 s
 90,000 transitions/seed | frozen mean V: 66.0049, 25.9314 | training 24.86 s
100,000 transitions/seed | frozen mean V: 66.8187, 25.9272 | training 27.64 s
110,000 transitions/seed | frozen mean V: 68.6140, 25.9345 | training 30.27 s
120,000 transitions/seed | frozen mean V: 69.2135, 25.8923 | training 33.13 s
130,000 transitions/seed | frozen mean V: 69.2279, 25.8999 | training 36.02 s
140,000 transitions/seed | frozen mean V: 70.2810, 25.8677 | training 38.83 s
150,000 transitions/seed | frozen mean V: 70.3977, 25.7835 | training 41.62 s
160,000 transitions/seed | frozen mean V: 71.1978, 25.7188 | training 44.66 s
170,000 transitions/seed | frozen mean V: 71.2930, 25.6141 | training 47.52 s
180,000 transitions/seed | frozen mean V: 71.3197, 25.6083 | training 50.70 s
190,000 transitions/seed | frozen mean V: 71.1165, 25.5560 | training 53.66 s
200,000 transitions/seed | frozen mean V: 72.1011, 25.5764 | training 56.53 s
gamma_train=0.99: {'mean': 72.10107052813878, 'seed_sd': 6.331050963075758, 'sem': 0.6331050963075758, 'ci95': [70.86018453937592, 73.34195651690163], 'minimum': 52.62030446783927, 'maximum': 90.22349930008048, 'quantiles_10_50_90': [64.01132892552988, 73.7827424917335, 79.09466404097083]}; >=90% oracle: {'count': 7, 'total': 100, 'fraction': 0.07, 'wilson_ci95': [0.034318824364064096, 0.13749671006529757]}
gamma_train=0.0: {'mean': 25.576363737584614, 'seed_sd': 1.5282598664998577, 'sem': 0.15282598664998576, 'ci95': [25.276824803750642, 25.875902671418586], 'minimum': 23.38861507174809, 'maximum': 29.186227356785512, 'quantiles_10_50_90': [23.73339764164104, 25.57336318435819, 27.81518127216175]}; >=90% oracle: {'count': 0, 'total': 100, 'fraction': 0.0, 'wilson_ci95': [0.0, 0.03699480747600191]}
Training: 56.53 s; completion invocation: 61.78 s
