Selected       0/seed | A score -100.0000 | B predicted return 0.0000
Selected  10,000/seed | A score 53.2157 | B predicted return 84.8378
Selected  20,000/seed | A score 62.2797 | B predicted return 92.2657
Selected  30,000/seed | A score 65.8538 | B predicted return 97.4111
Selected  40,000/seed | A score 69.4174 | B predicted return 96.3736
Selected  50,000/seed | A score 71.7695 | B predicted return 98.0811
Selected  60,000/seed | A score 73.0078 | B predicted return 96.4944
Selected  70,000/seed | A score 73.4856 | B predicted return 93.8720
Selected  80,000/seed | A score 75.0654 | B predicted return 92.9820
Selected  90,000/seed | A score 76.5327 | B predicted return 91.8311
Selected 100,000/seed | A score 76.5501 | B predicted return 88.9453
Selected 110,000/seed | A score 76.7793 | B predicted return 87.2101
Selected 120,000/seed | A score 77.1262 | B predicted return 87.5075
Selected 130,000/seed | A score 77.4667 | B predicted return 86.6361
Selected 140,000/seed | A score 77.7934 | B predicted return 87.4359
Selected 150,000/seed | A score 78.1313 | B predicted return 88.8382
Selected 160,000/seed | A score 78.2019 | B predicted return 87.8432
Selected 170,000/seed | A score 78.3373 | B predicted return 88.7725
Selected 180,000/seed | A score 78.5275 | B predicted return 88.5132
Selected 190,000/seed | A score 78.7428 | B predicted return 89.6651
Selected 200,000/seed | A score 78.6835 | B predicted return 88.6364
Final decisions: {"Frozen Q": {"final_value": {"mean": 72.10107052813878, "seed_sd": 6.331050963075758, "sem": 0.6331050963075758, "ci95": [70.86018453937592, 73.34195651690163], "minimum": 52.62030446783927, "maximum": 90.22349930008048, "quantiles_10_50_90": [64.01132892552988, 73.7827424917335, 79.09466404097083]}, "percentile_10": 64.01132892552988, "reaching_90_percent": {"count": 7, "total": 100, "fraction": 0.07, "wilson_ci95": [0.034318824364064096, 0.13749671006529757]}}, "Unpenalized model": {"final_value": {"mean": 78.07096877398821, "seed_sd": 13.403277422986788, "sem": 1.3403277422986788, "ci95": [75.4439263990828, 80.69801114889363], "minimum": 37.35569907003873, "maximum": 90.22349930008048, "quantiles_10_50_90": [58.8210023356121, 81.68123006890383, 90.22349930008048]}, "percentile_10": 58.8210023356121, "reaching_90_percent": {"count": 51, "total": 100, "fraction": 0.51, "wilson_ci95": [0.4134784047743415, 0.6057816990761385]}}, "Count-penalized model": {"final_value": {"mean": 81.55100896465692, "seed_sd": 6.094139022550594, "sem": 0.6094139022550593, "ci95": [80.356557716237, 82.74546021307683], "minimum": 57.998455969434474, "maximum": 90.22349930008048, "quantiles_10_50_90": [75.77804601860124, 80.98496668065235, 90.22349930008048]}, "percentile_10": 75.77804601860124, "reaching_90_percent": {"count": 49, "total": 100, "fraction": 0.49, "wilson_ci95": [0.3942183009238615, 0.5865215952256586]}}}
Paired differences: {"Frozen Q": {"value_difference": {"mean": 9.449938436518147, "seed_sd": 7.418464270142961, "sem": 0.741846427014296, "ci95": [7.995919439570127, 10.903957433466168], "minimum": -15.283983886159461, "maximum": 27.41393686375244, "quantiles_10_50_90": [1.3856848124264134, 8.454645630651243, 19.907913108734423]}, "improved": 96, "worsened": 2, "tied": 2}, "Unpenalized model": {"value_difference": {"mean": 3.4800401906687015, "seed_sd": 13.130352289693251, "sem": 1.313035228969325, "ci95": [0.9064911418888246, 6.053589239448579], "minimum": -14.899082074632119, "maximum": 52.702951803396736, "quantiles_10_50_90": [-10.651236880500086, 0.0, 21.27069873830099]}, "improved": 42, "worsened": 40, "tied": 18}}
Prediction: {"Unpenalized model": {"predicted_return": {"mean": 105.04602183768995, "seed_sd": 21.656156872981242, "sem": 2.165615687298124, "ci95": [100.80141509058562, 109.29062858479428], "minimum": 76.8101872185451, "maximum": 149.99999999999991, "quantiles_10_50_90": [86.73237725566999, 97.0550952050281, 149.1183284801314]}, "predicted_minus_actual": {"mean": 26.97505306370171, "seed_sd": 29.13933359189231, "sem": 2.913933359189231, "ci95": [21.26374367969082, 32.686362447712604], "minimum": -5.02167326729257, "maximum": 110.4453057413356, "quantiles_10_50_90": [1.3622026208926798, 15.970807711653514, 73.8827815987914]}, "absolute_error": {"mean": 27.22358125389102, "seed_sd": 28.90492716133575, "sem": 2.8904927161335747, "ci95": [21.558215530269212, 32.88894697751282], "minimum": 0.18879831789601553, "maximum": 110.4453057413356, "quantiles_10_50_90": [1.6680369902864471, 15.970807711653514, 73.8827815987914]}, "rmse": 39.601303543536424, "overpredicted": {"count": 93, "total": 100, "fraction": 0.93, "wilson_ci95": [0.8625032899347025, 0.965681175635936]}}, "Count-penalized model": {"predicted_return": {"mean": 88.63636920895681, "seed_sd": 15.430435398360112, "sem": 1.5430435398360112, "ci95": [85.61200387087823, 91.66073454703539], "minimum": 75.37591547222199, "maximum": 148.83188161175931, "quantiles_10_50_90": [76.86258977820414, 83.39751338287974, 104.4655312781402]}, "predicted_minus_actual": {"mean": 7.0853602442998795, "seed_sd": 16.065746657298366, "sem": 1.6065746657298365, "ci95": [3.9364738994694, 10.23424658913036], "minimum": -3.321060797423584, "maximum": 78.25846134457379, "quantiles_10_50_90": [-0.4407289354241868, 1.2291823810821043, 16.852426836901014]}, "absolute_error": {"mean": 7.398670516410621, "seed_sd": 15.922448985567835, "sem": 1.5922448985567834, "ci95": [4.277870515239325, 10.519470517581917], "minimum": 0.011440367421130304, "maximum": 78.25846134457379, "quantiles_10_50_90": [0.18395364870726638, 1.3094427271587534, 16.852426836901014]}, "rmse": 17.485121197504863, "overpredicted": {"count": 79, "total": 100, "fraction": 0.79, "wilson_ci95": [0.7001985069803768, 0.8583445046835422]}}}
Runtime: {'exact_evaluation_and_diagnostics_seconds': 0.10325988195836544, 'frozen_evaluation_seconds': 1.2364301870111376, 'planning_and_original_reward_prediction_seconds': 0.329223841894418, 'completion_invocation_seconds': 6.708480239030905}
